#-----------------------------------------------------------
# Vivado v2023.2 (64-bit)
# SW Build 4029153 on Fri Oct 13 20:14:34 MDT 2023
# IP Build 4028589 on Sat Oct 14 00:45:43 MDT 2023
# SharedData Build 4025554 on Tue Oct 10 17:18:54 MDT 2023
# Start of session at: Wed Apr  9 23:33:03 2025
# Process ID: 12908
# Current directory: C:/Users/MSI/Downloads/Arpit SHarma/23v/Post demo/Computer-Architecture/Computer-Architecture/project_1CA.runs/synth_1
# Command line: vivado.exe -log cpu.vds -product Vivado -mode batch -messageDb vivado.pb -notrace -source cpu.tcl
# Log file: C:/Users/MSI/Downloads/Arpit SHarma/23v/Post demo/Computer-Architecture/Computer-Architecture/project_1CA.runs/synth_1/cpu.vds
# Journal file: C:/Users/MSI/Downloads/Arpit SHarma/23v/Post demo/Computer-Architecture/Computer-Architecture/project_1CA.runs/synth_1\vivado.jou
# Running On: Parth, OS: Windows, CPU Frequency: 1800 MHz, CPU Physical cores: 4, Host memory: 8466 MB
#-----------------------------------------------------------
source cpu.tcl -notrace
